=== ttfm Verification Logs ===
Timestamp: Sat Jan 31 06:39:33 PM JST 2026

--- Step 1: Clear ---
Database cleared successfully.
--- Step 2: Index ---
Indexing directory: "/home/aki/ttfm/" (dry-run: false)

--- Query 01: max(extension:rs & mtime:) ---
Searching for: 'max(extension:rs & mtime:)'
1769852027

--- Query 02: count(extension:c & size:>10KB & extension:) ---
Searching for: 'count(extension:c & size:>10KB & extension:)'
0

--- Query 03: max(mtime:>"2025-01-01" & mtime:) ---
Searching for: 'max(mtime:>"2025-01-01" & mtime:)'
1769852373

--- Query 04: sum(extension:nonexistent & size:) ---
Searching for: 'sum(extension:nonexistent & size:)'
0

--- Query 05: count(extension:h) ---
Searching for: 'count(extension:h)'
0

--- Query 06: count((extension:c | extension:h) & size:>5KB) ---
Searching for: 'count((extension:c | extension:h) & size:>5KB)'
0

--- Query 07: count(size:>1MB & size:) ---
Searching for: 'count(size:>1MB & size:)'
82

--- Query 08: max(project:A & mtime:) ---
Searching for: 'max(project:A & mtime:)'
0

--- Query 09: count(extension:c - extension:h) ---
Searching for: 'count(extension:c - extension:h)'
0

--- Query 10: count() ---
Searching for: 'count()'
Error: Parse error:  --> 1:7
  |
1 | count()
  |       ^---
  |
  = expected primary

--- Query 11: extension:rs ---
Searching for: 'extension:rs'
[1;33mSearching... (Background cache generating: 100)[0m
[1mitem_id[0m  [1mname                   [0m  [1mtype_from_ext[0m  [1msize_str[0m...
172      test_date_regression.rs  RS             2.8 KB  ...
170      verify_search.rs         RS             23.2 KB ...
169      verify_search_all.rs     RS             1002.0 B...
164      test_size_units.rs       RS             2.9 KB  ...
161      cache_paged_test.rs      RS             2.8 KB  ...
152      wasm_plugin_test.rs      RS             1.3 KB  ...
149      functions.rs             RS             30.9 KB ...
147      integration_tags.rs      RS             5.2 KB  ...
129      types.rs                 RS             19.5 KB ...
121      test_aggregation.rs      RS             13.9 KB ...
120      merge.rs                 RS             12.4 KB ...
118      functions.rs             RS             32.4 KB ...
117      mod.rs                   RS             176.0 B ...
116      diff.rs                  RS             6.6 KB  ...
115      indexer.rs               RS             20.3 KB ...
114      triage.rs                RS             11.7 KB ...
113      scan.rs                  RS             9.0 KB  ...
111      fetcher.rs               RS             20.4 KB ...
93       mod.rs                   RS             308.0 B ...
90       lens.rs                  RS             41.8 KB ...
88       ast.rs                   RS             11.0 KB ...
87       parser.rs                RS             26.2 KB ...
86       sql.rs                   RS             50.6 KB ...
85       mod.rs                   RS             7.5 KB  ...
84       indexing_integration.rs  RS             9.7 KB  ...
82       main.rs                  RS             16.9 KB ...
79       db.rs                    RS             15.1 KB ...
76       search.rs                RS             26.1 KB ...
73       wasm.rs                  RS             1.2 KB  ...
71       response.rs              RS             22.1 KB ...
70       logic.rs                 RS             964.0 B ...
69       cache.rs                 RS             7.0 KB  ...
68       taggers.rs               RS             2.5 KB  ...
65       rank_test.rs             RS             3.1 KB  ...
62       robustness_test.rs       RS             1.8 KB  ...
57       test_projection.rs       RS             7.8 KB  ...
56       config.rs                RS             2.7 KB  ...
54       lib.rs                   RS             177.0 B ...
53       plugins.rs               RS             6.7 KB  ...
46       util.rs                  RS             20.2 KB ...
39       integration_main.rs      RS             11.0 B  ...
32       macros.rs                RS             5.9 KB  ...
30       lib.rs                   RS             22.9 KB ...
29       oneview.rs               RS             18.3 KB ...
28       rank.rs                  RS             5.7 KB  ...
19       bindings.rs              RS             23.4 KB ...
16       lib.rs                   RS             1000.0 B...

Total: 47 results displayed.

--- Query 12: filename:*main* ---
Searching for: 'filename:*main*'
[1;33mSearching... (Background cache generating: 100)[0m
[1mitem_id[0m  [1mname               [0m  [1mtype_from_ext[0m  [1msize_str[0m  [1mm...[0m...
82       main.rs              RS             16.9 KB   2......
39       integration_main.rs  RS             11.0 B    2......

[1mitem_id[0m  [1mname[0m  [1mtype_from_ext[0m  [1msize_str[0m  [1mmodified_str    [0m  [1m.[0m...
509      main  File           5.7 KB    2026-01-12 16:00  ....
166      main  File           41.0 B    2026-01-12 16:00  ....
137      main  File           16.3 KB   2026-01-12 16:00  ....
102      main  File           41.0 B    2026-01-12 16:00  ....

Total: 6 results displayed.

--- Query 13: size:>100KB ---
Searching for: 'size:>100KB'
[1;33mSearching... (Background cache generating: 100)[0m
[1mitem_id[0m  [1mname                                  [0m  [1mtype_fr...[0m...
3619     a5da12a7bf614cd55ffcb73dbe5b461ac1e3ec  File  5......
3617     9665439e0813341004f891452646cbc606c2b9  File  1......
3616     338e51a585b4fa6f77bdcd5a6fb1805fb46175  File  1......
3609     ef309f2e72d441c678e56d4378f7a872d801b6  File  1......
3577     546f1962201ce646f298a48d02fbacc2820693  File  2......
3574     25d295f53ec47f60d7484db92cd5e3d70605b8  File  5......
3568     0966ce51e623ba486d295eb42a99af0b598a31  File  5......
3550     6a47dba8b5ad2da4aa697c5157430589bdbbe4  File  1......
3541     e73dfb7bbe7301aef834430e56aceb3f9b8f31  File  5......
3531     ed3533338c7644050a1f7a04009d80b2443e35  File  1......
3509     45222dde15b116dbfa5929f09d60894b62241a  File  9......
3505     973f5e65e1c01f5b4c3f2c191e97f78fc80f2c  File  4......
3501     bcfdac049daa5f308a53e62f42b88f876893b6  File  1......
3491     3744fef3f0b6afcfd7f7fa3ea97d2801104d28  File  3......
3464     650db8d4e8ae195bb5e719b657f4fd7caf44d7  File  1......
3452     9feb9c4a5edeeed14c3eee8b4e4e0b59a45756  File  1......
3430     4f2ebbd63479330f4efe56199a46f5fda46b0d  File  1......
3424     165e5c91ffe0e16b126b53d8470a00b35a728a  File  1......
3406     28b0be3db47e451a3762b8345d5210a8225493  File  5......
3397     c41a69a1383dada8f199370f573df3ed68d0c1  File  1......
3383     fc02bedcbd7de72f251b78fe8545d84f3a20b8  File  1......
3342     fc128d6c94b0c539c56c97c0cbce95b9358eac  File  3......
3333     ff55d0e9c5da5c4383eb1d341482eb00c61b00  File  5......
3285     fcc50a389d1f7ffda28f9e0675699eaa589f6d  File  7......
3269     ab5f34c1d71f6de02b91f551397662426c5229  File  1......
3232     b563199ba81c9f2d2cd4a76327200872c41649  File  1......
3222     1caa65b64bbe3d339e80113fa8bf87f75deecd  File  3......
3207     9d87eebee13eb5607a80f048520a26f9a08345  File  1......
3188     ba824e9d47195dafea5d98e39e803aef30b41a  File  1......
3175     76406014434e1b6073e662ace251f20f322198  File  8......
3164     000bd73b0a8a38cda888fe9e0ba5259587e95d  File  6......
3160     a3dd451582d5049c069b27beb0115e33559640  File  1......
3138     c3707a3fe94613c515c35d556c3485f354f2c8  File  4......
3129     90064dad0f913241c27fa08c1fbc4effe3763c  File  6......
3124     10158b92f7982f427d1adfc8c6a5ec5da12a35  File  1......
3106     46c61597496183557a8c955274473b7be42662  File  1......
3100     4d53cf2badd84f1bfb06d163a531c2ca0183d2  File  1......
3081     6f5ecda38587da7e69c7fb7b764490fb712e77  File  1......
3076     1e1bda01e4db48c0ab90c5b1df623aea524185  File  7......
3024     2d31c69a77f6516310fea5049fde219c8534ef  File  1......
2992     b68fa1c13683544d9b04599ad9ec2b3077b486  File  1......
2967     8f1704e519a061fdd622b11bee67b50733ade4  File  1......
2966     d7cac2f02567402886fd3e884e8b8b83bb9540  File  1......
2946     ab9751ed5bdc97a3769ee4c5c1db3b661e37f1  File  1......
2921     671934fdd97e76a12dc23efb3a320b08b5945c  File  1......
2885     38a8defd70d86df958cc51dedf96ddc365a10a  File  3......
2843     19b46ba4c65936f31e5c3ae5a5f68543a3d31f  File  4......
2810     b0ad08f84f607cfd34182f27ff4dd7baae750a  File  1......
2800     def0eedc6bd4c3e087bf16d6a8d3ee718b9514  File  1......
2796     fac8c4189e1f87d6edeb509bf67ec659127da9  File  1......
2762     06f5f3644ba3412c749d7051f39c22c1ad1a49  File  6......
2760     464f686ae281b23068e397ac04c350e78cde7c  File  1......
2756     58483489c32cde27cccf405f9c34e56f5bf0c2  File  1......
2746     975d965a07ad68d2bf2b73c252fd1769fc51bc  File  7......
2727     24dd500d9d8b2c6973787670a2a0d8e9d8fd4a  File  1......
2700     72dc6980378aa44bf2c689c38b8aff3da2b95c  File  3......
2654     581f3829f953aa0f71058375cea68e2da124f2  File  1......
2650     ef804ecf20edb53f2ae0d89d9d7a454efb0e92  File  1......
2642     778d3570f1513e19c37eb3dab0a7acea71ade2  File  2......
2625     8dd094050a2152f2e5cd58af90a50c70ad2d59  File  1......
2608     bc6857cb7c7dfd9608ed1821b39af07b95b7b5  File  1......
2603     03acbc3bddd678347bb513700fd1434fa065e9  File  1......
2588     cc2ed2adc487dcfc7044f2376936330d80593d  File  1......
2560     1057deb3a27d7e411e8c25c7a22defcc71b543  File  1......
2522     6b65f8a003c9689a4bce534d25f83a40a1712d  File  3......
2521     bfc07fd34bf051508e8086e18bf8dfa7bcd993  File  7......
2506     3ada46208af51c3be108b93b6b26a573149ced  File  9......
2503     5953df74cb2cae5e91626b7cc1cb032b8077e8  File  2......
2494     9597f656c5597211bb046643f1aa2f998b8f74  File  1......
2476     33fccd79a24ab9eb9a857d9806665220183c5d  File  1......
2454     5294cee4142f491e5cc2ee037c56bd8a9e632e  File  9......
2409     4bf67470e6761483dd2ef619070b8478759420  File  5......
2371     315b18d276da7b33e91c55db635e657148cef6  File  1......
2355     584242e0e94ff909d3fbbe18204fb59caa6a15  File  6......
2316     bcdf0a9c371637403e02705e4f12363058f32f  File  4......
2290     6a3dbfffd34a757956a2091ef46979b35faa85  File  1......
2284     063bb618a151a55751b122787afa27c4c4869f  File  1......
2277     88bcf713389c1aa63d4c57aadfc6432ca63eb6  File  1......
2259     6cf9549122eec251eb5e1d77755ef5372d3e3e  File  1......
2256     ff4b25f648a123af6159cf7d19b280d3126126  File  1......
2243     c0ab1ea9153da4f3355798c2b08101a1ee81d3  File  6......
2234     fefc7c90f6d3010007570d00d0e03649ec4095  File  1......
2187     7f026d926a1ff314a51259e60420c3bfe76f39  File  1......
2180     1b1bc25f63276f6147a1d9ae2785124025c7af  File  1......
2153     09a228bf3b6e7f591158613ff730a422dfc3e0  File  1......
2150     db80c4e51e1c3959c1dea35a3f65a58518afec  File  5......
2147     850d920b88381331801cebf8bda55dc1bc6c5c  File  3......
2096     93411d65afda481387b5e71dde78d876f3cd90  File  9......
2041     dc1cf0aefcf83984e203d155f11f6aa6c15c0e  File  1......
2032     5fc989cececd7da147cf920ad03245fcbd04e7  File  5......
2012     afa4ebc1fad29f3357a96b93cddbeb0e4498c5  File  5......
1997     5ba6ee434c4ad6c4d65e6ea0f13220d7435b09  File  5......
1990     1790222ddfe8dbd98e92b9993ce58d46bd6c38  File  5......
1986     4db5d33cc7349f92d107245177ac5f225a5656  File  1......
1957     ea3a88a6fc8275f6259587e0d091cac9822567  File  6......
1940     88372d043a7cc9440b64ce478044762381e318  File  5......
1924     2d58d73bc0f3f3129de437cd33d9460483fe1e  File  9......
1922     c27560cb0162e9e7054d4bc306ae84f1c1f5a1  File  1......
1900     3462c3bc8c852bc877e869cc0ba36a78415852  File  1......
1885     3436e7034e157f3fa018602224e8910c72a605  File  4......

Total: 100 results displayed.
[1;32mMore results available.[0m To see next page, run:
  ttfm search "size:>100KB" --cid f77a8ab6-6bc8-4921-ae3f-d53f818fe9d9

--- Query 14: extension:c & size:<1KB ---
Searching for: 'extension:c & size:<1KB'
[1;33mSearching... (Background cache generating: 100)[0m

--- Query 15: parentdir:*/gtk/* ---
Searching for: 'parentdir:*/gtk/*'
[1;33mSearching... (Background cache generating: 100)[0m

--- Query 16: extension:h & path: ---
Searching for: 'extension:h & path:'
No items found.

--- Query 17: extension:rs & path: & size: ---
Searching for: 'extension:rs & path: & size:'
[1;34m:/home/aki/ttfm/plugins_src/mimetype/src/lib.rs[0m [2m(1 items)[0m
  #54:lib.rs
[1;34m:/home/aki/ttfm/plugins_src/mimetype/src/logic.rs[0m [2m(1 items)[0m
  #70:logic.rs
[1;34m:/home/aki/ttfm/plugins_src/mimetype/src/wasm.rs[0m [2m(1 items)[0m
  #73:wasm.rs
[1;34m:/home/aki/ttfm/plugins_src/sample/src/bindings.rs[0m [2m(1 items)[0m
  #19:bindings.rs
[1;34m:/home/aki/ttfm/plugins_src/sample/src/lib.rs[0m [2m(1 items)[0m
  #16:lib.rs
[1;34m:/home/aki/ttfm/src/cache.rs[0m [2m(1 items)[0m
  #69:cache.rs
[1;34m:/home/aki/ttfm/src/config.rs[0m [2m(1 items)[0m
  #56:config.rs
[1;34m:/home/aki/ttfm/src/db.rs[0m [2m(1 items)[0m
  #79:db.rs
[1;34m:/home/aki/ttfm/src/indexing/diff.rs[0m [2m(1 items)[0m
  #116:diff.rs
[1;34m:/home/aki/ttfm/src/indexing/functions.rs[0m [2m(1 items)[0m
  #118:functions.rs
[1;34m:/home/aki/ttfm/src/indexing/indexer.rs[0m [2m(1 items)[0m
  #115:indexer.rs
[1;34m:/home/aki/ttfm/src/indexing/merge.rs[0m [2m(1 items)[0m
  #120:merge.rs
[1;34m:/home/aki/ttfm/src/indexing/mod.rs[0m [2m(1 items)[0m
  #117:mod.rs
[1;34m:/home/aki/ttfm/src/indexing/scan.rs[0m [2m(1 items)[0m
  #113:scan.rs
[1;34m:/home/aki/ttfm/src/indexing/triage.rs[0m [2m(1 items)[0m
  #114:triage.rs
[1;34m:/home/aki/ttfm/src/lib.rs[0m [2m(1 items)[0m
  #30:lib.rs
[1;34m:/home/aki/ttfm/src/macros.rs[0m [2m(1 items)[0m
  #32:macros.rs
[1;34m:/home/aki/ttfm/src/main.rs[0m [2m(1 items)[0m
  #82:main.rs
[1;34m:/home/aki/ttfm/src/oneview.rs[0m [2m(1 items)[0m
  #29:oneview.rs
[1;34m:/home/aki/ttfm/src/plugins.rs[0m [2m(1 items)[0m
  #53:plugins.rs
[1;34m:/home/aki/ttfm/src/query/ast.rs[0m [2m(1 items)[0m
  #88:ast.rs
[1;34m:/home/aki/ttfm/src/query/fetcher.rs[0m [2m(1 items)[0m
  #111:fetcher.rs
[1;34m:/home/aki/ttfm/src/query/functions.rs[0m [2m(1 items)[0m
  #149:functions.rs
[1;34m:/home/aki/ttfm/src/query/lens.rs[0m [2m(1 items)[0m
  #90:lens.rs
[1;34m:/home/aki/ttfm/src/query/mod.rs[0m [2m(1 items)[0m
  #85:mod.rs
[1;34m:/home/aki/ttfm/src/query/parser.rs[0m [2m(1 items)[0m
  #87:parser.rs
[1;34m:/home/aki/ttfm/src/query/sql.rs[0m [2m(1 items)[0m
  #86:sql.rs
[1;34m:/home/aki/ttfm/src/rank.rs[0m [2m(1 items)[0m
  #28:rank.rs
[1;34m:/home/aki/ttfm/src/response.rs[0m [2m(1 items)[0m
  #71:response.rs
[1;34m:/home/aki/ttfm/src/search.rs[0m [2m(1 items)[0m
  #76:search.rs
[1;34m:/home/aki/ttfm/src/taggers.rs[0m [2m(1 items)[0m
  #68:taggers.rs
[1;34m:/home/aki/ttfm/src/types.rs[0m [2m(1 items)[0m
  #129:types.rs
[1;34m:/home/aki/ttfm/src/util.rs[0m [2m(1 items)[0m
  #46:util.rs
[1;34m:/home/aki/ttfm/tests/cases/cache_paged_test.rs[0m [2m(1 items)[0m
  #161:cache_paged_test.rs
[1;34m:/home/aki/ttfm/tests/cases/indexing_integration.rs[0m [2m(1 items)[0m
  #84:indexing_integration.rs
[1;34m:/home/aki/ttfm/tests/cases/integration_tags.rs[0m [2m(1 items)[0m
  #147:integration_tags.rs
[1;34m:/home/aki/ttfm/tests/cases/mod.rs[0m [2m(1 items)[0m
  #93:mod.rs
[1;34m:/home/aki/ttfm/tests/cases/rank_test.rs[0m [2m(1 items)[0m
  #65:rank_test.rs
[1;34m:/home/aki/ttfm/tests/cases/robustness_test.rs[0m [2m(1 items)[0m
  #62:robustness_test.rs
[1;34m:/home/aki/ttfm/tests/cases/test_aggregation.rs[0m [2m(1 items)[0m
  #121:test_aggregation.rs
[1;34m:/home/aki/ttfm/tests/cases/test_date_regression.rs[0m [2m(1 items)[0m
  #172:test_date_regression.rs
[1;34m:/home/aki/ttfm/tests/cases/test_projection.rs[0m [2m(1 items)[0m
  #57:test_projection.rs
[1;34m:/home/aki/ttfm/tests/cases/test_size_units.rs[0m [2m(1 items)[0m
  #164:test_size_units.rs
[1;34m:/home/aki/ttfm/tests/cases/verify_search.rs[0m [2m(1 items)[0m
  #170:verify_search.rs
[1;34m:/home/aki/ttfm/tests/cases/verify_search_all.rs[0m [2m(1 items)[0m
  #169:verify_search_all.rs
[1;34m:/home/aki/ttfm/tests/cases/wasm_plugin_test.rs[0m [2m(1 items)[0m
  #152:wasm_plugin_test.rs
[1;34m:/home/aki/ttfm/tests/integration_main.rs[0m [2m(1 items)[0m
  #39:integration_main.rs
Total: 47 unique items matched the projection.

--- Query 18: extension:md | extension:txt ---
Searching for: 'extension:md | extension:txt'
[1;33mSearching... (Background cache generating: 100)[0m
[1mitem_id[0m  [1mname                              [0m  [1mtype_from_ext[0m...
109      conversation-2026-01-30-141647.txt  TXT          ...
89       ROADMAP.md                          MD           ...
51       verify_output.txt                   TXT          ...
38       test_output.txt                     TXT          ...
21       PLUGIN.md                           MD           ...
20       CLI.md                              MD           ...
17       TTFM.md                             MD           ...
15       QUERY.md                            MD           ...
14       STORE.md                            MD           ...
8        CODING_GUIDELINES.md                MD           ...
6        check_output.txt                    TXT          ...

Total: 11 results displayed.

--- Query 19: type:file - extension:c ---
Searching for: 'type:file - extension:c'
[1;33mSearching... (Background cache generating: 100)[0m

--- Query 20: (extension:c | extension:h) & size:>100KB ---
Searching for: '(extension:c | extension:h) & size:>100KB'
[1;33mSearching... (Background cache generating: 100)[0m

--- Query 21: count(extension:c) > 100 ---
Searching for: 'count(extension:c) > 100'
[1mitem_id[0m  [1mname [0m  [1mitem_kind[0m  [1mtype   [0m
0        FALSE  virtual    boolean

Total: 1 results displayed.

--- Query 22: sum(extension:c & size:) > sum(extension:h & size:) ---
Searching for: 'sum(extension:c & size:) > sum(extension:h & size:)'
Error: Unsupported comparison pattern

--- Query 23: size: > (1024 * 1024) ---
Searching for: 'size: > (1024 * 1024)'
Error: Unsupported comparison pattern

--- Query 24: (sum(extension:c & size:) / 1024) > 100 ---
Searching for: '(sum(extension:c & size:) / 1024) > 100'
Error: Parse error:  --> 1:27
  |
1 | (sum(extension:c & size:) / 1024) > 100
  |                           ^---
  |
  = expected ampersand, pipe, minus_colon, minus, or scalar_basic_op

--- Query 25: "type":file ---
Searching for: '"type":file'
[1;33mSearching... (Background cache generating: 100)[0m

--- Query 26: filename:"test \"quote\"" ---
Searching for: 'filename:"test \"quote\""'
[1;33mSearching... (Background cache generating: 100)[0m

--- Query 27: parentdir:&( count() > 10 ) ---
Searching for: 'parentdir:&( count() > 10 )'
Error: Parse error:  --> 1:12
  |
1 | parentdir:&( count() > 10 )
  |            ^---
  |
  = expected EOI

--- Query 28: max(size:) == size: ---
Searching for: 'max(size:) == size:'
Error: Unsupported comparison pattern

--- Query 29: mtime:>"7 days ago" ---
Searching for: 'mtime:>"7 days ago"'
[1;33mSearching... (Background cache generating: 100)[0m
[1mitem_id[0m  [1mname                                  [0m  [1mtype_fr...[0m...
3606     8bc8d71b53c42fcca912121b2b47f31945c1ec  File  4......
3601     41                                      Folder  .....
3589     26219ea6cbd774bf415a183f733ddadea2cfc4  File  8......
3585     59a66319d50827b8b48aac800b55c35e611e28  File  2......
3567     40d02a8af67f1230edad9e7992c187b6013983  File  5......
3558     26f1e11e4090fdf99721a504d9fa2dcdb74f90  File  4......
3545     7b95508b98aa816f6868b8a3281f7c91ff9030  File  1......
3544     8c4a171b41bb8af40b7edacf4eadc512a3c0c4  File  8......
3533     2a18cdd650fb2cf322baebe8dd9d6e9f7913ae  File  5......
3529     9e13cfe507c0744fb5ac6b355c6ca95c036002  File  5......
3519     4a                                      Folder  .....
3514     29                                      Folder  .....
3512     7b                                      Folder  .....
3511     63                                      Folder  .....
3490     3378b900b4c38e07869d563c0b1824327e1a25  File  2......
3481     c1b6e86e5ff1e9a7155a91798e00f068592046  File  6......
3465     379e4ef320ad77dc763b1524aa7d80ad10ffc1  File  7......
3462     0fe51261990adb0e3eb140f1f0fe18b953d39a  File  4......
3448     63eb72e2d09a69bdeb8d4c0c0ba9f87562f60a  File  5......
3446     eb5500e88d762ad10b0c0062876faad8223a8e  File  4......
3442     62                                      Folder  .....
3440     36167a1afcb9254116fb10357c0446528e31d7  File  9......
3438     790cc679c928f88c250dd0ee608aaafa5716f9  File  2......
3435     77                                      Folder  .....
3433     c9                                      Folder  .....
3432     a2                                      Folder  .....
3431     80                                      Folder  .....
3414     59e2e2cdd72b5769b7b27df5db85be9d64a513  File  2......
3385     78                                      Folder  .....
3384     4a3694488b31ae0a10c42a9eb170ae9ab6a604  File  2......
3369     bc587b3690adec7c694625303fdb7a76a425a2  File  4......
3357     aba19af5ff947006fbb344dcc4020cd4691df9  File  1......
3355     33c141b0724c7e33b28d5e45a3ec93c54d9e6b  File  6......
3349     364385d7c9c2be84a1db882a3e0a5156e7bc23  File  1......
3343     02dce84c3b22597300cf34c3616eebc5731eea  File  7......
3329     1dbc5f1844100d939872cd08767cfcab28de86  File  5......
3328     67                                      Folder  .....
3326     ca                                      Folder  .....
3325     b4                                      Folder  .....
3321     00                                      Folder  .....
3316     c9931135d0c6a607a7030dfd9f1a438ac8b76e  File  6......
3312     20103640f5dbb8599440a2b6313d50dc28f6e7  File  2......
3310     31050e1a3eab5cde705545c264f01c1b828b74  File  6......
3295     e745c5921231e1ad8db0c9a2383bb675d9a916  File  6......
3289     052a8339fb5d88ff2b085532c0eb683ecaf79f  File  3......
3277     ca287b196546837e3372116143c8acda4c2934  File  6......
3261     1273ea57f5d60880fc8c93bb2ab6901a48d3ca  File  2......
3256     5cb09a45a15cce0efe8ee36ae843de9f70ed73  File  2......
3248     c933ef9efe00ecafc7f5dfca8686dbf79dc359  File  7......
3245     711388c2ba415480036d2a18ddef8401919bc1  File  1......
3233     66398ff1b4e1aba6b9a2014475160afad0a9ff  File  6......
3229     431df120255ea50df7c86ea644eeac119a3439  File  8......
3225     686f369615901d63e152e4f5b752c219772e9a  File  6......
3224     16                                      Folder  .....
3213     c92701d2f6b36ae061f3966e388aac36834995  File  5......
3212     897a127db6fae271bb4eb8d8630279e3f33b45  File  6......
3201     59                                      Folder  .....
3189     3ea1fac6ab2ca5768e89a8ad8eae6b0cda8207  File  6......
3179     32f41595a5fb2f720483f47a002d6b29e0bf1e  File  3......
3177     7a                                      Folder  .....
3171     84                                      Folder  .....
3167     452002d95cd3c95219846e5810efdecd5d2b0b  File  9......
3166     24                                      Folder  .....
3165     7e9366e6e1d3e012e86e8628bfea165c52d1f6  File  5......
3159     879c863a18b3130a78fd8a3c202c40b2b4c7c9  File  2......
3156     98eb81da6f558b0300dcf65346b9670e96d25c  File  9......
3155     9f                                      Folder  .....
3152     feefe439a30674f86f3cd6531a9acc3563d4a9  File  6......
3149     25d0f57a908954b7fea42ae8f466be33c53d30  File  5......
3147     dccf910956bff2d48849ea161f76b537b9e8c0  File  7......
3142     23                                      Folder  .....
3141     da                                      Folder  .....
3139     d3                                      Folder  .....
3136     80000d0d2fa099ec9281194ae77c81a1e24e3c  File  6......
3131     489ece427c8eab6dec63eb4052ec46b3f3804e  File  2......
3127     043a3684873e1728cbc514a5c731c7c38f29cb  File  9......
3099     35bb5d6416ea5e6f4b10138c75c5a238821ef7  File  2......
3097     06                                      Folder  .....
3095     5c                                      Folder  .....
3094     1472a030808107bcb2036b242e77fb7fc985c9  File  1......
3088     bf6884b3c0c4eeee0667cc977bd03ee551b5cc  File  1......
3087     a07860eb0176d4d7eb9846fb17a5b8d1964ad3  File  1......
3083     6aa103ffee82bdfd7cdc97422bf072e902fca5  File  9......
3080     afe44352979834cbca0e4a7cd1f1c502b5945f  File  5......
3078     e7b870e14bf6b9769f6deffcbfbfb687b91cda  File  1......
3070     4f286733d66f8eb848698b4ab5a8b0791e2fab  File  2......
3066     44393c03f5a003595b7e61f9555e3ae93dbacb  File  6......
3051     7d                                      Folder  .....
3043     8e5c5a70ca4e1e57c8bf188f32dd711506b17e  File  6......
3042     4899f734ecdd004c733df9c24644d9d5c300a1  File  9......
3041     06c860ea6903556e56007748140f7dccc06894  File  6......
3040     6cb635743db669fbde49bbac305c09843ab358  File  8......
3036     9336ab079c8b669004929357a9252ab44ca203  File  1......
3020     24c4b68941846db2a70f041f49517f07cda3cd  File  1......
2998     c61cd6c3d05dac04683cf3883eb48a51faf4d2  File  5......
2990     5ad0bdd68960fff107238947e1775497f076c7  File  1......
2989     3506fe9ff4d504cd0c1b86627b8b89b36870ca  File  4......
2986     6b7dbdbb34504b54597f7b559f521e1dc01a4a  File  6......
2980     4fc583cd6b203e9ded0b7a5746cf5b7572a2e6  File  4......
2974     e4c6a09fd14b3ffb74458effcb1991da0ab22d  File  3......

Total: 100 results displayed.
[1;32mMore results available.[0m To see next page, run:
  ttfm search "mtime:>"7 days ago"" --cid da6319e2-b9ae-4ba4-bcf0-c35cc4c8c0df

--- Query 30: ((extension:c | extension:h) - filename:*test*) & size:>50KB & path: ---
Searching for: '((extension:c | extension:h) - filename:*test*) & size:>50KB & path:'
No items found.

=== Verification Finished ===
