warning: unused import: `CustomFunc`
 --> src/query.rs:1:22
  |
1 | use crate::db::{Col, CustomFunc, Tbl};
  |                      ^^^^^^^^^^
  |
  = note: `#[warn(unused_imports)]` on by default

warning: unused import: `SimpleExpr`
 --> src/query.rs:8:62
  |
8 | ...Query, SelectStatement, SimpleExpr,
  |                            ^^^^^^^^^^

warning: unused import: `SimpleExpr`
 --> src/query.rs:8:62
  |
8 | ...uery, SelectStatement, SimpleExpr,
  |                           ^^^^^^^^^^

warning: unused import: `crate::types::TypedTag`
  --> src/rank.rs:74:9
   |
74 |     use crate::types::TypedTag;
   |         ^^^^^^^^^^^^^^^^^^^^^^

warning: function `ttag` is never used
    --> src/functions.rs:1046:8
     |
1046 |     fn ttag(key: &str, value: &str) -> TypedTag {
     |        ^^^^
     |
     = note: `#[warn(dead_code)]` on by default

warning: `ttfm` (lib) generated 2 warnings (run `cargo fix --lib -p ttfm` to apply 2 suggestions)
warning: `ttfm` (lib test) generated 4 warnings (1 duplicate) (run `cargo fix --lib -p ttfm --tests` to apply 2 suggestions)
    Finished `test` profile [unoptimized + debuginfo] target(s) in 0.31s
     Running unittests src/lib.rs (target/debug/deps/ttfm-db313fe6c0893ea8)

running 34 tests
test config::tests::test_default_config ... ok
test config::tests::test_empty_toml_uses_defaults ... ok
test config::tests::test_parse_enabled_false ... ok
test functions::tests::test_extension_tagger_logic ... ok
test config::tests::test_parse_plugin_status ... ok
test functions::tests::test_col_file_id_direct ... ok
test functions::tests::test_inode_function ... ok
test functions::tests::test_metadata_generate_error_handling ... ok
test functions::tests::test_metadata_generate_loop_recovery ... ok
test functions::tests::test_size_bytes_function ... ok
test functions::tests::test_metadata_generate_success ... ok
test indexing::diff::tests::test_diff_auditor_initial ... ok
test indexing::indexer::tests::test_indexer_next_item_id_logic ... ok
test indexing::indexer::tests::test_calc_scanhash ... ok
test indexing::merge::tests::test_query_parts_expand_variants_structure ... ok
test indexing::triage::tests::test_assemble_records_id_reuse ... ok
test indexing::triage::tests::test_triage_accumulator_logic ... ok
test indexing::scan::tests::test_is_db_dir ... ok
test indexing::triage::tests::test_triager_classify_logic ... ok
test indexing::triage::tests::test_triager_triage_item_full ... ok
test query::tests::test_basic_structure ... ok
test query::tests::test_pest_grammar_complex_math ... ok
test query::tests::test_pest_grammar_basics ... ok
test query::tests::test_pest_grammar_strict_conformance ... ok
test query::tests::test_query_types ... ok
test rank::tests::test_build_rank_expr_sql_generation ... ok
test rank::tests::test_get_rank_by_name ... ok
test util::tests::test_safe_metadata_real ... ok
test util::tests::test_safe_metadata_recovered ... ok
test indexing::triage::tests::test_extract_all_with_race_condition ... ok
test indexing::indexer::tests::test_load_metadata_cache_empty ... ok
test indexing::indexer::tests::test_initialize_tables ... ok
test indexing::indexer::tests::test_load_metadata_cache_with_data ... ok
test oneview::tests::test_oneview_consistency ... ok

test result: ok. 34 passed; 0 failed; 0 ignored; 0 measured; 0 filtered out; finished in 0.50s

     Running unittests src/main.rs (target/debug/deps/ttfm-50efdb726a99372c)

running 0 tests

test result: ok. 0 passed; 0 failed; 0 ignored; 0 measured; 0 filtered out; finished in 0.00s

     Running tests/debug_issue.rs (target/debug/deps/debug_issue-8237031da58477af)

running 1 test
test debug_parent_and_extension_search ... ok

test result: ok. 1 passed; 0 failed; 0 ignored; 0 measured; 0 filtered out; finished in 0.74s

     Running tests/indexing_integration.rs (target/debug/deps/indexing_integration-69c9ba9053689986)

running 5 tests
test test_system_items_registration ... ok
test test_typedtag_listing_via_type_query ... ok
test test_no_empty_extension_system_item ... ok
test test_definition_only_items_registration ... ok
test test_incremental_indexing_full_flow ... ok

test result: ok. 5 passed; 0 failed; 0 ignored; 0 measured; 0 filtered out; finished in 3.06s

     Running tests/integration_tags.rs (target/debug/deps/integration_tags-c2c80747c3f83042)

running 4 tests
test test_integration_note_tagging ... ok
test test_integration_file_tagging ... ok
test test_system_item_metadata_integration ... ok
test test_integration_tag_tagging ... ok

test result: ok. 4 passed; 0 failed; 0 ignored; 0 measured; 0 filtered out; finished in 1.41s

     Running tests/rank_test.rs (target/debug/deps/rank_test-327f196a03da814d)

running 3 tests
test test_rank_set_by_id_low_level ... ok
test test_rank_batch_update ... ok
test test_rank_sorting_files ... ok

test result: ok. 3 passed; 0 failed; 0 ignored; 0 measured; 0 filtered out; finished in 1.15s

     Running tests/robustness_test.rs (target/debug/deps/robustness_test-d09f0f01a184b536)

running 1 test
test test_metadata_error_recovery_integration ... ok

test result: ok. 1 passed; 0 failed; 0 ignored; 0 measured; 0 filtered out; finished in 0.84s

     Running tests/verify_search.rs (target/debug/deps/verify_search-2622d3ff50b0e037)

running 4 tests
test test_or_negation_complex_behavior ... ok
test test_comparison_logic ... ok
test test_glob_search_behavior ... ok
test verify_complex_search_patterns ... ok

test result: ok. 4 passed; 0 failed; 0 ignored; 0 measured; 0 filtered out; finished in 5.09s

     Running tests/wasm_plugin_test.rs (target/debug/deps/wasm_plugin_test-fb958b38ea13c263)

running 1 test
test test_wasm_plugin_mimetype ... ok

test result: ok. 1 passed; 0 failed; 0 ignored; 0 measured; 0 filtered out; finished in 0.16s

   Doc-tests ttfm

running 0 tests

test result: ok. 0 passed; 0 failed; 0 ignored; 0 measured; 0 filtered out; finished in 0.00s

Loaded plugin: mimetype from "/home/aki/.ttfm/plugins/mimetype_plugin.component.wasm"
Index cleared.
Loaded plugin: mimetype from "/home/aki/.ttfm/plugins/mimetype_plugin.component.wasm"
Indexing directory: "." (dry-run: false)
Loaded plugin: mimetype from "/home/aki/.ttfm/plugins/mimetype_plugin.component.wasm"
Searching for: 'extension:rs & size:>1000'
[1mitem_id[0m  [1mname                   [0m  [1mtype_from_ext[0m  [1msize_str[0m  [1mmodifi...[0m
60       util.rs                  RS             9.6 KB    2026-0...
48       db.rs                    RS             9.9 KB    2026-0...
27       triage.rs                RS             11.6 KB   2026-0...
68       taggers.rs               RS             2.5 KB    2026-0...
45       types.rs                 RS             7.0 KB    2026-0...
40       merge.rs                 RS             16.0 KB   2026-0...
33       indexer.rs               RS             20.3 KB   2026-0...
24       scan.rs                  RS             9.0 KB    2026-0...
13       macros.rs                RS             5.9 KB    2026-0...
8        rank.rs                  RS             5.7 KB    2026-0...
178      verify_search.rs         RS             11.7 KB   2026-0...
58       functions.rs             RS             32.6 KB   2026-0...
41       query_functions.rs       RS             4.5 KB    2026-0...
63       query.rs                 RS             33.8 KB   2026-0...
217      wasm.rs                  RS             1.1 KB    2025-1...
181      rank_test.rs             RS             2.8 KB    2026-0...
47       plugins.rs               RS             6.7 KB    2026-0...
34       diff.rs                  RS             6.6 KB    2026-0...
177      integration_tags.rs      RS             4.4 KB    2026-0...
9        oneview.rs               RS             8.3 KB    2026-0...
11       lib.rs                   RS             28.1 KB   2026-0...
189      wasm_plugin_test.rs      RS             1.3 KB    2026-0...
130      indexing_integration.rs  RS             7.2 KB    2026-0...
180      robustness_test.rs       RS             1.7 KB    2026-0...
179      debug_issue.rs           RS             2.2 KB    2026-0...
52       main.rs                  RS             13.1 KB   2026-0...
32       config.rs                RS             2.7 KB    2026-0...
239      bindings.rs              RS             23.4 KB   2025-1...


Total: 28 results found.
Loaded plugin: mimetype from "/home/aki/.ttfm/plugins/mimetype_plugin.component.wasm"
Searching for: 'extension:toml | name:LICENSE'
[1mitem_id[0m  [1mname        [0m  [1mtype_from_ext[0m  [1msize_str[0m  [1mmodified_str    [0m  [1m..[0m
51       rustfmt.toml  TOML           15.0 B    2026-01-17 00:41  .
88       ttfm.toml     TOML           101.0 B   2025-12-31 20:04  .
191      Cargo.toml    TOML           780.0 B   2026-01-16 13:51  .
228      Cargo.toml    TOML           342.0 B   2025-12-30 14:54  ..
195      Cargo.toml    TOML           137.0 B   2025-12-30 13:58  ..


Total: 5 results found.
Loaded plugin: mimetype from "/home/aki/.ttfm/plugins/mimetype_plugin.component.wasm"
Searching for: 'name:^=Make'
[1mitem_id[0m  [1mname                                  [0m  [1mtype_from_ext[0m  [1ms...[0m
156      ff58742d4e261d3296ad1fc5d7b4f70bc05afd  File           2...
93       43f9ac74584274e9f86cd1baac577b9df4dfd5  File           1...
34       diff.rs                                 RS             6...
428      5d55665c8419666ceee73b11a9b6fac15a0ca6  File           5...
47       plugins.rs                              RS             6...
49       Cargo.lock                              LOCK           1...
242      67c453d8ef4967a51f7d6c1ccedd6241462146  File           3...
131      c715a347de97c203ebadb2acb199dee5a9683c  File           2...
137      5ba9ab70e6a95c16d2bf86511bfc8dfaf5b195  File           4...
354      3c1b679843caaf75520bf5ff7a36c079920021  File           3...
158      7e9687cc5eed0f6b4742e8880533f28d90378d  File           3...
181      rank_test.rs                            RS             2...
208      info                                    Folder         4...
426      8e34a664c77c87a235c5b8d820112af3af172d  File           3...
405      684d2a3bcf3fa89c2cb55d43b5b6955214a864  File           3...
396      08                                      Folder         4...
361      ba24fd3ea8c692c6eba1b83bbb73de48bdc558  File           3...
324      cd6a31055d6ccc1c3b1d628789d78eede5011d  File           1...
613      1b3b7529a55662f775bb5aa9d36b16a3be801a  File           2...
487      f232bbdb9bba7b7ae5b458043bac920eb9aca7  File           8...
497      4e4aafe68a0658cd0ca0c39e5c636be30bc70f  File           1...
520      457351df4eafd2cfc14aa2d6396ac420ed8e70  File           5...
1037     fix-empty-extension                     File           4...
554      f62d4c1c3a8a78c8acb17fe4bc7641d907ec70  File           1...
565      91                                      Folder         4...
571      17                                      Folder         4...
574      fc2984c4b974255f5ecde6f0ac10d384a2a31e  File           7...
576      23e7fa7feba98b5c13cc20b9887ff4bdb55904  File           4...
582      3e496157da774c1b856a72eec114c82899e479  File           5...
29       update_design_query_tag                 File           1...
607      f5c96fe15deedcd3e65e6e803b4c5f85d6a820  File           6...
18       exclude                                 File           2...
635      afe5e7fda61bffd2a2366a17d96f903e5c302c  File           9...
637      d897efdcdf1b9c3e1e7769adb83dc067cec632  File           9...
706      d09f51e757f070eeb3e1c4fa0a0cbb7ac150d8  File           2...
720      faa1772d709d08b45d3e5bd7ca1e3f04622c02  File           5...
732      a7f38d13e370a3fbb796bea8898ac616a06f23  File           1...
766      37a88f7a986dfbd21a5bd0e388688a8e7bafce  File           5...
768      8a3acbbcb699477d2b26aeb7dd484d946dc1e4  File           2...
805      c0dd61c1ba76e731d07b25818fb763965ad69d  File           1...
834      d49510ef3878e54ab7fc21c2603579b88081ac  File           1...
837      89984797a5be760c962a74cbeb2074320fee93  File           1...
599      c82c85800869a6ba909ff604b77a5982fc3f46  File           3...
1070     c27560cb0162e9e7054d4bc306ae84f1c1f5a1  File           1...
845      899ccdf595194e901eeb4c167c87822cfedc98  File           7...
862      e163231c572a86583bb5db287db2e6e1a4110b  File           1...
871      7c                                      Folder         4...
891      044eb8212684d9a625f73116fd629fa990277b  File           2...
916      93c6eb70845770d24aeaf2b268edca76553c77  File           4...
924      19e51898b12131c8c51d4e9fdecc34a6c542fb  File           3...
964      e33f43c9f10d35b69a565de2c171c63dfb7a8b  File           4...
972      83                                      Folder         4...
986      fc                                      Folder         4...
1713     1954742b0f06072532aeef45006f45cca66a61  File           2...
321      b80421da509febbc93f12b3ee0ddade4d946bc  File           8...
1038     afa6d951c09303451c153d4b830b4113c60731  File           3...
843      acec38923a3a979750cf88b12645d1d426d31e  File           3...
1084     4a842e22c05149ec2ddc0484a6f758b7c292d4  File           2...
1100     d61cfabfe04914a1d5ba966b378d733c6e78ad  File           2...
1105     54e3ba3b12e8a3b619e7d02f08eb26c1f048f3  File           3...
1155     7be3acd0662ee4e6e4de0e664ef01892bec810  File           3...
1025     6bd688eb7395728a80f17ec18960f2036f9a39  File           5...
285      fd4e5ed1ef7a3fb614e86bd8726519145b087f  File           5...
1218     28                                      Folder         4...
1255     e32628e351f58aafd8ac8bce3d75c35f57eed4  File           4...
1181     34                                      Folder         4...
1716     3ad42c36a0b5078455966df6b82769c0988dac  File           1...
1295     93c76df80b8cf2d88b1763b4a70d5f28074cc0  File           2...
1548     8832b0365ff4da499c0cdfe16f9da4c2231d88  File           1...
528      b027cd5ad20028870361ebf7805e0c1b3cd808  File           1...
1359     dae0af3a99c00058410f7ff320e1ceb0996619  File           3...
1368     6cf9549122eec251eb5e1d77755ef5372d3e3e  File           1...
1383     d26d06bcea69f4138ff8d97554c8ad05619bf1  File           2...
1401     79cb9b5708832698e55120ebcc771baa88586f  File           2...
1414     a1c847a490109c8e80f9b99a80be1bec19ef7e  File           1...
1415     04178e3dc45a38a5aefeb740be1423b67180b9  File           3...
1454     219c1ff9d30ebdc3b55cb06a90154062072baa  File           1...
1460     update_design_query_tag                 File           4...
1499     5445b75bcb63fad3e48dabcebd94db0a30da2b  File           2...
1521     cb903761f929c734d35ca1a2069c4f418a7bbb  File           1...
441      634a895520e42c3b56fdc7f9f3cdd3a6835193  File           4...
1332     dc1a1c36b971449ba3930fe6c667ba1e533c87  File           4...
1583     6402a785ceda1d8f54e383582169df272819e4  File           4...
1585     d9                                      Folder         4...
1590     ee6051389f452094d2409ff8643c25a4ed14e0  File           2...
1600     c9b6e800a1e9b8f8a70cf9f0421834d145cf78  File           4...
1640     51c0c127ab05ddb928326db2db4158509d0cd6  File           1...
1708     df41483dafcd2b906598f44b1578f50c6b2d41  File           2...
442      84b539e70a83a0e5881a4bfcb367ee7988bc9a  File           4...
1750     5f                                      Folder         4...
1762     fdd2482b7475d734eb956bdbc8e468eb61d9e4  File           1...
1576     0a9e1bff6a30008c222c787d59f9521f079ac2  File           3...

[1mitem_id[0m  [1mname         [0m  [1mitem_kind[0m  [1mcontent      [0m  [1mrank[0m  [1mtype[0m
-1       name           type       name           10    type
-2       type_from_ext  type       type_from_ext  9     type
-3       size_str       type       size_str       8     type
-4       modified_str   type       modified_str   7     type
-5       parentdir      type       parentdir      6     type
-6       item_kind      type       item_kind      5     type
-7       content        type       content        4     type
-8       filename       type       filename       1     type


Total: 100 results found.
